// Jest Snapshot v1, https://goo.gl/fbAQLP

exports[`FormContentGenerator tests FormContentGenerator render tests should match snapshot 1`] = `
<div
  id="processingForm-testOp"
  style={
    Object {
      "display": "flex",
      "flexWrap": "wrap",
      "width": "100%",
    }
  }
>
  <Input
    errorText="Please fill in this field."
    id="testOp-textFieldName"
    input={
      <input
        id="testOp-textFieldName-input"
        onBlur={[Function]}
        type="text"
      />
    }
    isInvalid={false}
    key="testOp-textFieldName"
    required={true}
    style={
      Object {
        "width": "100%",
      }
    }
    title="Text Field Name"
  />
  <Input
    errorText="Please supply a number."
    id="testOp-numericFieldName"
    input={
      <input
        id="testOp-numericFieldName-input"
        onBlur={[Function]}
        type="text"
      />
    }
    isInvalid={false}
    key="testOp-numericFieldName"
    required={true}
    style={
      Object {
        "width": "100%",
      }
    }
    title="Numeric Field Name"
  />
  <Input
    errorText="Please supply a integer."
    id="testOp-integerFieldName"
    input={
      <input
        id="testOp-integerFieldName-input"
        onBlur={[Function]}
        type="text"
      />
    }
    isInvalid={false}
    key="testOp-integerFieldName"
    required={true}
    style={
      Object {
        "width": "100%",
      }
    }
    title="Integer Field Name"
  />
  <Input
    id="testOp-dropdownFieldName"
    input={
      <select
        id="testOp-dropdownFieldName-input"
        onChange={[Function]}
        style={
          Object {
            "padding": "1px 2px",
            "width": "100%",
          }
        }
      >
        <option
          value="first"
        >
          first
        </option>
        <option
          value="second"
        >
          second
        </option>
        <option
          value="third"
        >
          third
        </option>
      </select>
    }
    key="testOp-dropdownFieldName"
    required={true}
    style={
      Object {
        "width": "100%",
      }
    }
    title="Dropdown Field Name"
  />
  <Input
    id="testOp-switchFieldName"
    input={
      <Switch
        id="testOp-switchFieldName-input"
        isChecked={true}
        onChange={[Function]}
      />
    }
    key="testOp-switchFieldName"
    required={true}
    style={
      Object {
        "width": "100%",
      }
    }
    title="Switch Field Name"
  />
</div>
`;
